0 verbose cli /opt/homebrew/Cellar/node/26.4.0/bin/node /opt/homebrew/bin/npm
1 info using npm@11.17.0
2 info using node@v26.4.0
3 silly config load:file:/opt/homebrew/lib/node_modules/npm/npmrc
4 silly config load:file:/Volumes/OS/proyectos/KupuriApp/.npmrc
5 silly config load:file:/Users/tona/.npmrc
6 silly config load:file:/opt/homebrew/etc/npmrc
7 verbose title npm init
8 verbose argv "--cache" "./.npm-cache" "init" "--yes"
9 verbose logfile logs-max:10 dir:/Volumes/OS/proyectos/KupuriApp/.npm-cache/_logs/2026-09-27T02_37_57_571Z-
10 verbose logfile /Volumes/OS/proyectos/KupuriApp/.npm-cache/_logs/2026-09-27T02_37_57_571Z-debug-0.log
11 silly logfile done cleaning log files
12 silly package data {
12 silly package data   name: 'kupuriapp',
12 silly package data   version: '1.0.0',
12 silly package data   description: '',
12 silly package data   main: 'index.js',
12 silly package data   scripts: { test: 'echo "Error: no test specified" && exit 1' },
12 silly package data   keywords: [],
12 silly package data   author: '',
12 silly package data   license: 'ISC',
12 silly package data   type: 'commonjs'
12 silly package data }
13 verbose cwd /Volumes/OS/proyectos/KupuriApp
14 verbose os Darwin 25.6.0
15 verbose node v26.4.0
16 verbose npm  v11.17.0
17 verbose exit 0
18 info ok
