0 verbose cli /opt/homebrew/Cellar/node/26.4.0/bin/node /opt/homebrew/bin/npm
1 info using npm@11.17.0
2 info using node@v26.4.0
3 silly config load:file:/opt/homebrew/lib/node_modules/npm/npmrc
4 silly config load:file:/Volumes/OS/proyectos/KupuriApp/.npmrc
5 silly config load:file:/Users/tona/.npmrc
6 silly config load:file:/opt/homebrew/etc/npmrc
7 verbose title npm install vite
8 verbose argv "--cache" "./.npm-cache" "install" "--save-dev" "vite"
9 verbose logfile logs-max:10 dir:/Volumes/OS/proyectos/KupuriApp/.npm-cache/_logs/2026-09-27T02_38_07_124Z-
10 verbose logfile /Volumes/OS/proyectos/KupuriApp/.npm-cache/_logs/2026-09-27T02_38_07_124Z-debug-0.log
11 silly logfile done cleaning log files
12 silly packumentCache heap:4395630592 maxSize:1098907648 maxEntrySize:549453824
13 silly idealTree buildDeps
14 silly fetch manifest vite@*
15 silly packumentCache full:https://registry.npmjs.org/vite cache-miss
16 http fetch GET 200 https://registry.npmjs.org/vite 2752ms (cache miss)
17 silly packumentCache full:https://registry.npmjs.org/vite set size:undefined disposed:false
18 silly fetch manifest @types/node@^20.19.0 || >=22.12.0
19 silly packumentCache full:https://registry.npmjs.org/@types%2fnode cache-miss
20 http fetch GET 200 https://registry.npmjs.org/@types%2fnode 3250ms (cache miss)
21 silly packumentCache full:https://registry.npmjs.org/@types%2fnode set size:undefined disposed:false
22 silly fetch manifest @vitejs/devtools@^0.7.1
23 silly packumentCache full:https://registry.npmjs.org/@vitejs%2fdevtools cache-miss
24 http fetch GET 200 https://registry.npmjs.org/@vitejs%2fdevtools 138ms (cache miss)
25 silly packumentCache full:https://registry.npmjs.org/@vitejs%2fdevtools set size:undefined disposed:false
26 silly fetch manifest @vitejs/devtools-oxc@^0.7.6
27 silly packumentCache full:https://registry.npmjs.org/@vitejs%2fdevtools-oxc cache-miss
28 http fetch GET 200 https://registry.npmjs.org/@vitejs%2fdevtools-oxc 157ms (cache miss)
29 silly packumentCache full:https://registry.npmjs.org/@vitejs%2fdevtools-oxc set size:undefined disposed:false
30 silly fetch manifest @vitejs/devtools-rolldown@^0.7.6
31 silly packumentCache full:https://registry.npmjs.org/@vitejs%2fdevtools-rolldown cache-miss
32 http fetch GET 200 https://registry.npmjs.org/@vitejs%2fdevtools-rolldown 162ms (cache miss)
33 silly packumentCache full:https://registry.npmjs.org/@vitejs%2fdevtools-rolldown set size:undefined disposed:false
34 silly fetch manifest @vitejs/devtools-vite@^0.7.6
35 silly packumentCache full:https://registry.npmjs.org/@vitejs%2fdevtools-vite cache-miss
36 http fetch GET 200 https://registry.npmjs.org/@vitejs%2fdevtools-vite 118ms (cache miss)
37 silly packumentCache full:https://registry.npmjs.org/@vitejs%2fdevtools-vite set size:undefined disposed:false
38 silly fetch manifest @vitejs/devtools-vitest@^0.7.6
39 silly packumentCache full:https://registry.npmjs.org/@vitejs%2fdevtools-vitest cache-miss
40 http fetch GET 200 https://registry.npmjs.org/@vitejs%2fdevtools-vitest 109ms (cache miss)
41 silly packumentCache full:https://registry.npmjs.org/@vitejs%2fdevtools-vitest set size:undefined disposed:false
42 silly fetch manifest vitest@*
43 silly packumentCache full:https://registry.npmjs.org/vitest cache-miss
44 http fetch GET 200 https://registry.npmjs.org/vitest 477ms (cache miss)
45 silly packumentCache full:https://registry.npmjs.org/vitest set size:undefined disposed:false
46 silly fetch manifest @edge-runtime/vm@*
47 silly packumentCache full:https://registry.npmjs.org/@edge-runtime%2fvm cache-miss
48 http fetch GET 200 https://registry.npmjs.org/@edge-runtime%2fvm 177ms (cache miss)
49 silly packumentCache full:https://registry.npmjs.org/@edge-runtime%2fvm set size:undefined disposed:false
50 silly fetch manifest @opentelemetry/api@^1.9.0
51 silly packumentCache full:https://registry.npmjs.org/@opentelemetry%2fapi cache-miss
52 http fetch GET 200 https://registry.npmjs.org/@opentelemetry%2fapi 165ms (cache miss)
53 silly packumentCache full:https://registry.npmjs.org/@opentelemetry%2fapi set size:undefined disposed:false
54 silly fetch manifest @vitest/browser-playwright@5.0.2
55 silly packumentCache full:https://registry.npmjs.org/@vitest%2fbrowser-playwright cache-miss
56 http fetch GET 200 https://registry.npmjs.org/@vitest%2fbrowser-playwright 117ms (cache miss)
57 silly packumentCache full:https://registry.npmjs.org/@vitest%2fbrowser-playwright set size:undefined disposed:false
58 silly fetch manifest playwright@*
59 silly packumentCache full:https://registry.npmjs.org/playwright cache-miss
60 http fetch GET 200 https://registry.npmjs.org/playwright 2289ms (cache miss)
61 silly packumentCache full:https://registry.npmjs.org/playwright set size:undefined disposed:false
62 silly fetch manifest @vitest/browser-preview@5.0.2
63 silly packumentCache full:https://registry.npmjs.org/@vitest%2fbrowser-preview cache-miss
64 http fetch GET 200 https://registry.npmjs.org/@vitest%2fbrowser-preview 111ms (cache miss)
65 silly packumentCache full:https://registry.npmjs.org/@vitest%2fbrowser-preview set size:undefined disposed:false
66 silly fetch manifest @vitest/browser-webdriverio@^5.0.0-beta.5 || >=5.0.0
67 silly packumentCache full:https://registry.npmjs.org/@vitest%2fbrowser-webdriverio cache-miss
68 http fetch GET 200 https://registry.npmjs.org/@vitest%2fbrowser-webdriverio 112ms (cache miss)
69 silly packumentCache full:https://registry.npmjs.org/@vitest%2fbrowser-webdriverio set size:undefined disposed:false
70 silly fetch manifest webdriverio@*
71 silly packumentCache full:https://registry.npmjs.org/webdriverio cache-miss
72 http fetch GET 200 https://registry.npmjs.org/webdriverio 412ms (cache miss)
73 silly packumentCache full:https://registry.npmjs.org/webdriverio set size:undefined disposed:false
74 silly fetch manifest puppeteer-core@>=22.x <=24.x
75 silly packumentCache full:https://registry.npmjs.org/puppeteer-core cache-miss
76 http fetch GET 200 https://registry.npmjs.org/puppeteer-core 165ms (cache miss)
77 silly packumentCache full:https://registry.npmjs.org/puppeteer-core set size:undefined disposed:false
78 silly fetch manifest @vitest/coverage-istanbul@5.0.2
79 silly packumentCache full:https://registry.npmjs.org/@vitest%2fcoverage-istanbul cache-miss
80 http fetch GET 200 https://registry.npmjs.org/@vitest%2fcoverage-istanbul 149ms (cache miss)
81 silly packumentCache full:https://registry.npmjs.org/@vitest%2fcoverage-istanbul set size:undefined disposed:false
82 silly fetch manifest @vitest/coverage-v8@5.0.2
83 silly packumentCache full:https://registry.npmjs.org/@vitest%2fcoverage-v8 cache-miss
84 http fetch GET 200 https://registry.npmjs.org/@vitest%2fcoverage-v8 176ms (cache miss)
85 silly packumentCache full:https://registry.npmjs.org/@vitest%2fcoverage-v8 set size:undefined disposed:false
86 silly fetch manifest @vitest/browser@5.0.2
87 silly packumentCache full:https://registry.npmjs.org/@vitest%2fbrowser cache-miss
88 http fetch GET 200 https://registry.npmjs.org/@vitest%2fbrowser 158ms (cache miss)
89 silly packumentCache full:https://registry.npmjs.org/@vitest%2fbrowser set size:undefined disposed:false
90 silly fetch manifest @vitest/ui@5.0.2
91 silly packumentCache full:https://registry.npmjs.org/@vitest%2fui cache-miss
92 http fetch GET 200 https://registry.npmjs.org/@vitest%2fui 200ms (cache miss)
93 silly packumentCache full:https://registry.npmjs.org/@vitest%2fui set size:undefined disposed:false
94 silly fetch manifest happy-dom@*
95 silly packumentCache full:https://registry.npmjs.org/happy-dom cache-miss
96 http fetch GET 200 https://registry.npmjs.org/happy-dom 280ms (cache miss)
97 silly packumentCache full:https://registry.npmjs.org/happy-dom set size:undefined disposed:false
98 silly fetch manifest jsdom@*
99 silly packumentCache full:https://registry.npmjs.org/jsdom cache-miss
100 http fetch GET 200 https://registry.npmjs.org/jsdom 142ms (cache miss)
101 silly packumentCache full:https://registry.npmjs.org/jsdom set size:undefined disposed:false
102 silly fetch manifest canvas@^3.2.3
103 silly packumentCache full:https://registry.npmjs.org/canvas cache-miss
104 http fetch GET 200 https://registry.npmjs.org/canvas 113ms (cache miss)
105 silly packumentCache full:https://registry.npmjs.org/canvas set size:undefined disposed:false
106 silly fetch manifest esbuild@^0.27.0 || ^0.28.0
107 silly packumentCache full:https://registry.npmjs.org/esbuild cache-miss
108 http fetch GET 200 https://registry.npmjs.org/esbuild 250ms (cache miss)
109 silly packumentCache full:https://registry.npmjs.org/esbuild set size:undefined disposed:false
110 silly fetch manifest jiti@>=1.21.0
111 silly packumentCache full:https://registry.npmjs.org/jiti cache-miss
112 http fetch GET 200 https://registry.npmjs.org/jiti 118ms (cache miss)
113 silly packumentCache full:https://registry.npmjs.org/jiti set size:undefined disposed:false
114 silly fetch manifest less@^4.0.0
115 silly packumentCache full:https://registry.npmjs.org/less cache-miss
116 http fetch GET 200 https://registry.npmjs.org/less 121ms (cache miss)
117 silly packumentCache full:https://registry.npmjs.org/less set size:undefined disposed:false
118 silly fetch manifest sass@^1.70.0
119 silly packumentCache full:https://registry.npmjs.org/sass cache-miss
120 http fetch GET 200 https://registry.npmjs.org/sass 179ms (cache miss)
121 silly packumentCache full:https://registry.npmjs.org/sass set size:undefined disposed:false
122 silly fetch manifest sass-embedded@^1.70.0
123 silly packumentCache full:https://registry.npmjs.org/sass-embedded cache-miss
124 http fetch GET 200 https://registry.npmjs.org/sass-embedded 122ms (cache miss)
125 silly packumentCache full:https://registry.npmjs.org/sass-embedded set size:undefined disposed:false
126 silly fetch manifest stylus@>=0.54.8
127 silly packumentCache full:https://registry.npmjs.org/stylus cache-miss
128 http fetch GET 200 https://registry.npmjs.org/stylus 107ms (cache miss)
129 silly packumentCache full:https://registry.npmjs.org/stylus set size:undefined disposed:false
130 silly fetch manifest sugarss@^5.0.0
131 silly packumentCache full:https://registry.npmjs.org/sugarss cache-miss
132 http fetch GET 200 https://registry.npmjs.org/sugarss 89ms (cache miss)
133 silly packumentCache full:https://registry.npmjs.org/sugarss set size:undefined disposed:false
134 silly fetch manifest postcss@^8.3.3
135 silly packumentCache full:https://registry.npmjs.org/postcss cache-miss
136 http fetch GET 200 https://registry.npmjs.org/postcss 155ms (cache miss)
137 silly packumentCache full:https://registry.npmjs.org/postcss set size:undefined disposed:false
138 silly fetch manifest terser@^5.16.0
139 silly packumentCache full:https://registry.npmjs.org/terser cache-miss
140 http fetch GET 200 https://registry.npmjs.org/terser 158ms (cache miss)
141 silly packumentCache full:https://registry.npmjs.org/terser set size:undefined disposed:false
142 silly fetch manifest tsx@^4.8.1
143 silly packumentCache full:https://registry.npmjs.org/tsx cache-miss
144 http fetch GET 200 https://registry.npmjs.org/tsx 113ms (cache miss)
145 silly packumentCache full:https://registry.npmjs.org/tsx set size:undefined disposed:false
146 silly fetch manifest yaml@^2.4.2
147 silly packumentCache full:https://registry.npmjs.org/yaml cache-miss
148 http fetch GET 200 https://registry.npmjs.org/yaml 122ms (cache miss)
149 silly packumentCache full:https://registry.npmjs.org/yaml set size:undefined disposed:false
150 silly placeDep ROOT vite@8.3.1 OK for: kupuriapp@1.0.0 want: *
151 silly fetch manifest postcss@^8.5.28
152 silly packumentCache full:https://registry.npmjs.org/postcss cache-miss
153 silly fetch manifest rolldown@~1.2.9
154 silly packumentCache full:https://registry.npmjs.org/rolldown cache-miss
155 silly fetch manifest picomatch@^4.0.7
156 silly packumentCache full:https://registry.npmjs.org/picomatch cache-miss
157 silly fetch manifest tinyglobby@^0.2.17
158 silly packumentCache full:https://registry.npmjs.org/tinyglobby cache-miss
159 silly fetch manifest lightningcss@^1.33.0
160 silly packumentCache full:https://registry.npmjs.org/lightningcss cache-miss
161 silly fetch manifest fsevents@~2.3.3
162 silly packumentCache full:https://registry.npmjs.org/fsevents cache-miss
163 http cache https://registry.npmjs.org/postcss 14ms (cache hit)
164 silly packumentCache full:https://registry.npmjs.org/postcss set size:766699 disposed:false
165 http fetch GET 200 https://registry.npmjs.org/rolldown 300ms (cache miss)
166 silly packumentCache full:https://registry.npmjs.org/rolldown set size:undefined disposed:false
167 http fetch GET 200 https://registry.npmjs.org/tinyglobby 404ms (cache miss)
168 silly packumentCache full:https://registry.npmjs.org/tinyglobby set size:undefined disposed:false
169 http fetch GET 200 https://registry.npmjs.org/picomatch 407ms (cache miss)
170 silly packumentCache full:https://registry.npmjs.org/picomatch set size:undefined disposed:false
171 http fetch GET 200 https://registry.npmjs.org/lightningcss 407ms (cache miss)
172 silly packumentCache full:https://registry.npmjs.org/lightningcss set size:undefined disposed:false
173 http fetch GET 200 https://registry.npmjs.org/fsevents 409ms (cache miss)
174 silly packumentCache full:https://registry.npmjs.org/fsevents set size:undefined disposed:false
175 silly placeDep ROOT fsevents@2.3.3 OK for: vite@8.3.1 want: ~2.3.3
176 silly placeDep ROOT lightningcss@1.33.0 OK for: vite@8.3.1 want: ^1.33.0
177 silly placeDep ROOT picomatch@4.0.7 OK for: vite@8.3.1 want: ^4.0.7
178 silly placeDep ROOT postcss@8.5.28 OK for: vite@8.3.1 want: ^8.5.28
179 silly placeDep ROOT rolldown@1.2.11 OK for: vite@8.3.1 want: ~1.2.9
180 silly placeDep ROOT tinyglobby@0.2.17 OK for: vite@8.3.1 want: ^0.2.17
181 silly fetch manifest detect-libc@^2.0.3
182 silly packumentCache full:https://registry.npmjs.org/detect-libc cache-miss
183 silly fetch manifest lightningcss-darwin-x64@1.33.0
184 silly packumentCache full:https://registry.npmjs.org/lightningcss-darwin-x64 cache-miss
185 silly fetch manifest lightningcss-linux-x64-gnu@1.33.0
186 silly packumentCache full:https://registry.npmjs.org/lightningcss-linux-x64-gnu cache-miss
187 silly fetch manifest lightningcss-win32-x64-msvc@1.33.0
188 silly packumentCache full:https://registry.npmjs.org/lightningcss-win32-x64-msvc cache-miss
189 silly fetch manifest lightningcss-win32-arm64-msvc@1.33.0
190 silly packumentCache full:https://registry.npmjs.org/lightningcss-win32-arm64-msvc cache-miss
191 silly fetch manifest lightningcss-darwin-arm64@1.33.0
192 silly packumentCache full:https://registry.npmjs.org/lightningcss-darwin-arm64 cache-miss
193 silly fetch manifest lightningcss-linux-arm64-gnu@1.33.0
194 silly packumentCache full:https://registry.npmjs.org/lightningcss-linux-arm64-gnu cache-miss
195 silly fetch manifest lightningcss-linux-arm-gnueabihf@1.33.0
196 silly packumentCache full:https://registry.npmjs.org/lightningcss-linux-arm-gnueabihf cache-miss
197 silly fetch manifest lightningcss-linux-arm64-musl@1.33.0
198 silly packumentCache full:https://registry.npmjs.org/lightningcss-linux-arm64-musl cache-miss
199 http fetch GET 200 https://registry.npmjs.org/detect-libc 88ms (cache miss)
200 silly packumentCache full:https://registry.npmjs.org/detect-libc set size:undefined disposed:false
201 silly fetch manifest lightningcss-linux-x64-musl@1.33.0
202 silly packumentCache full:https://registry.npmjs.org/lightningcss-linux-x64-musl cache-miss
203 http fetch GET 200 https://registry.npmjs.org/lightningcss-win32-arm64-msvc 95ms (cache miss)
204 silly packumentCache full:https://registry.npmjs.org/lightningcss-win32-arm64-msvc set size:undefined disposed:false
205 silly fetch manifest lightningcss-freebsd-x64@1.33.0
206 silly packumentCache full:https://registry.npmjs.org/lightningcss-freebsd-x64 cache-miss
207 http fetch GET 200 https://registry.npmjs.org/lightningcss-win32-x64-msvc 198ms (cache miss)
208 silly packumentCache full:https://registry.npmjs.org/lightningcss-win32-x64-msvc set size:undefined disposed:false
209 silly fetch manifest lightningcss-android-arm64@1.33.0
210 silly packumentCache full:https://registry.npmjs.org/lightningcss-android-arm64 cache-miss
211 http fetch GET 200 https://registry.npmjs.org/lightningcss-linux-x64-musl 111ms (cache miss)
212 silly packumentCache full:https://registry.npmjs.org/lightningcss-linux-x64-musl set size:undefined disposed:false
213 silly fetch manifest nanoid@^3.3.18
214 silly packumentCache full:https://registry.npmjs.org/nanoid cache-miss
215 http fetch GET 200 https://registry.npmjs.org/lightningcss-linux-x64-gnu 202ms (cache miss)
216 silly packumentCache full:https://registry.npmjs.org/lightningcss-linux-x64-gnu set size:undefined disposed:false
217 silly fetch manifest picocolors@^1.1.1
218 silly packumentCache full:https://registry.npmjs.org/picocolors cache-miss
219 http fetch GET 200 https://registry.npmjs.org/lightningcss-darwin-x64 203ms (cache miss)
220 silly packumentCache full:https://registry.npmjs.org/lightningcss-darwin-x64 set size:undefined disposed:false
221 silly fetch manifest source-map-js@^1.2.1
222 silly packumentCache full:https://registry.npmjs.org/source-map-js cache-miss
223 http fetch GET 200 https://registry.npmjs.org/lightningcss-freebsd-x64 181ms (cache miss)
224 silly packumentCache full:https://registry.npmjs.org/lightningcss-freebsd-x64 set size:undefined disposed:false
225 silly fetch manifest @oxc-project/types@=0.151.0
226 silly packumentCache full:https://registry.npmjs.org/@oxc-project%2ftypes cache-miss
227 http fetch GET 200 https://registry.npmjs.org/lightningcss-android-arm64 93ms (cache miss)
228 silly packumentCache full:https://registry.npmjs.org/lightningcss-android-arm64 set size:undefined disposed:false
229 silly fetch manifest @rolldown/pluginutils@^1.0.0
230 silly packumentCache full:https://registry.npmjs.org/@rolldown%2fpluginutils cache-miss
231 http fetch GET 200 https://registry.npmjs.org/source-map-js 91ms (cache miss)
232 silly packumentCache full:https://registry.npmjs.org/source-map-js set size:undefined disposed:false
233 silly fetch manifest @rolldown/binding-darwin-x64@1.2.11
234 silly packumentCache full:https://registry.npmjs.org/@rolldown%2fbinding-darwin-x64 cache-miss
235 http fetch GET 200 https://registry.npmjs.org/picocolors 97ms (cache miss)
236 silly packumentCache full:https://registry.npmjs.org/picocolors set size:undefined disposed:false
237 silly fetch manifest @rolldown/binding-freebsd-x64@1.2.11
238 silly packumentCache full:https://registry.npmjs.org/@rolldown%2fbinding-freebsd-x64 cache-miss
239 http fetch GET 200 https://registry.npmjs.org/lightningcss-linux-arm64-musl 366ms (cache miss)
240 silly packumentCache full:https://registry.npmjs.org/lightningcss-linux-arm64-musl set size:undefined disposed:false
241 silly fetch manifest @rolldown/binding-darwin-arm64@1.2.11
242 silly packumentCache full:https://registry.npmjs.org/@rolldown%2fbinding-darwin-arm64 cache-miss
243 http fetch GET 200 https://registry.npmjs.org/lightningcss-linux-arm-gnueabihf 367ms (cache miss)
244 silly packumentCache full:https://registry.npmjs.org/lightningcss-linux-arm-gnueabihf set size:undefined disposed:false
245 silly fetch manifest @rolldown/binding-android-arm64@1.2.11
246 silly packumentCache full:https://registry.npmjs.org/@rolldown%2fbinding-android-arm64 cache-miss
247 http fetch GET 200 https://registry.npmjs.org/lightningcss-darwin-arm64 368ms (cache miss)
248 silly packumentCache full:https://registry.npmjs.org/lightningcss-darwin-arm64 set size:undefined disposed:false
249 silly fetch manifest @rolldown/binding-linux-x64-gnu@1.2.11
250 silly packumentCache full:https://registry.npmjs.org/@rolldown%2fbinding-linux-x64-gnu cache-miss
251 http fetch GET 200 https://registry.npmjs.org/lightningcss-linux-arm64-gnu 369ms (cache miss)
252 silly packumentCache full:https://registry.npmjs.org/lightningcss-linux-arm64-gnu set size:undefined disposed:false
253 silly fetch manifest @rolldown/binding-linux-x64-musl@1.2.11
254 silly packumentCache full:https://registry.npmjs.org/@rolldown%2fbinding-linux-x64-musl cache-miss
255 http fetch GET 200 https://registry.npmjs.org/nanoid 178ms (cache miss)
256 silly packumentCache full:https://registry.npmjs.org/nanoid set size:undefined disposed:false
257 silly fetch manifest @rolldown/binding-win32-x64-msvc@1.2.11
258 silly packumentCache full:https://registry.npmjs.org/@rolldown%2fbinding-win32-x64-msvc cache-miss
259 http fetch GET 200 https://registry.npmjs.org/@oxc-project%2ftypes 123ms (cache miss)
260 silly packumentCache full:https://registry.npmjs.org/@oxc-project%2ftypes set size:undefined disposed:false
261 silly fetch manifest @rolldown/binding-linux-arm64-gnu@1.2.11
262 silly packumentCache full:https://registry.npmjs.org/@rolldown%2fbinding-linux-arm64-gnu cache-miss
263 http fetch GET 200 https://registry.npmjs.org/@rolldown%2fpluginutils 132ms (cache miss)
264 silly packumentCache full:https://registry.npmjs.org/@rolldown%2fpluginutils set size:undefined disposed:false
265 silly fetch manifest @rolldown/binding-linux-ppc64-gnu@1.2.11
266 silly packumentCache full:https://registry.npmjs.org/@rolldown%2fbinding-linux-ppc64-gnu cache-miss
267 http fetch GET 200 https://registry.npmjs.org/@rolldown%2fbinding-darwin-x64 183ms (cache miss)
268 silly packumentCache full:https://registry.npmjs.org/@rolldown%2fbinding-darwin-x64 set size:undefined disposed:false
269 silly fetch manifest @rolldown/binding-linux-s390x-gnu@1.2.11
270 silly packumentCache full:https://registry.npmjs.org/@rolldown%2fbinding-linux-s390x-gnu cache-miss
271 http fetch GET 200 https://registry.npmjs.org/@rolldown%2fbinding-android-arm64 126ms (cache miss)
272 silly packumentCache full:https://registry.npmjs.org/@rolldown%2fbinding-android-arm64 set size:undefined disposed:false
273 silly fetch manifest @rolldown/binding-android-arm-eabi@1.2.11
274 silly packumentCache full:https://registry.npmjs.org/@rolldown%2fbinding-android-arm-eabi cache-miss
275 http fetch GET 200 https://registry.npmjs.org/@rolldown%2fbinding-freebsd-x64 211ms (cache miss)
276 silly packumentCache full:https://registry.npmjs.org/@rolldown%2fbinding-freebsd-x64 set size:undefined disposed:false
277 silly fetch manifest @rolldown/binding-linux-arm64-musl@1.2.11
278 silly packumentCache full:https://registry.npmjs.org/@rolldown%2fbinding-linux-arm64-musl cache-miss
279 http fetch GET 200 https://registry.npmjs.org/@rolldown%2fbinding-linux-ppc64-gnu 118ms (cache miss)
280 silly packumentCache full:https://registry.npmjs.org/@rolldown%2fbinding-linux-ppc64-gnu set size:undefined disposed:false
281 silly fetch manifest @rolldown/binding-win32-arm64-msvc@1.2.11
282 silly packumentCache full:https://registry.npmjs.org/@rolldown%2fbinding-win32-arm64-msvc cache-miss
283 http fetch GET 200 https://registry.npmjs.org/@rolldown%2fbinding-linux-s390x-gnu 105ms (cache miss)
284 silly packumentCache full:https://registry.npmjs.org/@rolldown%2fbinding-linux-s390x-gnu set size:undefined disposed:false
285 silly fetch manifest @rolldown/binding-openharmony-arm64@1.2.11
286 silly packumentCache full:https://registry.npmjs.org/@rolldown%2fbinding-openharmony-arm64 cache-miss
287 http fetch GET 200 https://registry.npmjs.org/@rolldown%2fbinding-win32-x64-msvc 223ms (cache miss)
288 silly packumentCache full:https://registry.npmjs.org/@rolldown%2fbinding-win32-x64-msvc set size:undefined disposed:false
289 silly fetch manifest @rolldown/binding-linux-arm-gnueabihf@1.2.11
290 silly packumentCache full:https://registry.npmjs.org/@rolldown%2fbinding-linux-arm-gnueabihf cache-miss
291 http fetch GET 200 https://registry.npmjs.org/@rolldown%2fbinding-linux-x64-gnu 239ms (cache miss)
292 silly packumentCache full:https://registry.npmjs.org/@rolldown%2fbinding-linux-x64-gnu set size:undefined disposed:false
293 silly fetch manifest fdir@^6.5.0
294 silly packumentCache full:https://registry.npmjs.org/fdir cache-miss
295 http fetch GET 200 https://registry.npmjs.org/@rolldown%2fbinding-android-arm-eabi 124ms (cache miss)
296 silly packumentCache full:https://registry.npmjs.org/@rolldown%2fbinding-android-arm-eabi set size:undefined disposed:false
297 http fetch GET 200 https://registry.npmjs.org/@rolldown%2fbinding-darwin-arm64 344ms (cache miss)
298 silly packumentCache full:https://registry.npmjs.org/@rolldown%2fbinding-darwin-arm64 set size:undefined disposed:false
299 http fetch GET 200 https://registry.npmjs.org/@rolldown%2fbinding-linux-arm64-gnu 316ms (cache miss)
300 silly packumentCache full:https://registry.npmjs.org/@rolldown%2fbinding-linux-arm64-gnu set size:undefined disposed:false
301 http fetch GET 200 https://registry.npmjs.org/@rolldown%2fbinding-linux-arm-gnueabihf 192ms (cache miss)
302 silly packumentCache full:https://registry.npmjs.org/@rolldown%2fbinding-linux-arm-gnueabihf set size:undefined disposed:false
303 http fetch GET 200 https://registry.npmjs.org/@rolldown%2fbinding-win32-arm64-msvc 345ms (cache miss)
304 silly packumentCache full:https://registry.npmjs.org/@rolldown%2fbinding-win32-arm64-msvc set size:undefined disposed:false
305 http fetch GET 200 https://registry.npmjs.org/@rolldown%2fbinding-linux-arm64-musl 445ms (cache miss)
306 silly packumentCache full:https://registry.npmjs.org/@rolldown%2fbinding-linux-arm64-musl set size:undefined disposed:false
307 http fetch GET 200 https://registry.npmjs.org/fdir 398ms (cache miss)
308 silly packumentCache full:https://registry.npmjs.org/fdir set size:undefined disposed:false
309 http fetch GET 200 https://registry.npmjs.org/@rolldown%2fbinding-linux-x64-musl 720ms (cache miss)
310 silly packumentCache full:https://registry.npmjs.org/@rolldown%2fbinding-linux-x64-musl set size:undefined disposed:false
311 http fetch GET 200 https://registry.npmjs.org/@rolldown%2fbinding-openharmony-arm64 525ms (cache miss)
312 silly packumentCache full:https://registry.npmjs.org/@rolldown%2fbinding-openharmony-arm64 set size:undefined disposed:false
313 silly placeDep ROOT detect-libc@2.1.2 OK for: lightningcss@1.33.0 want: ^2.0.3
314 silly placeDep ROOT lightningcss-android-arm64@1.33.0 OK for: lightningcss@1.33.0 want: 1.33.0
315 silly placeDep ROOT lightningcss-darwin-arm64@1.33.0 OK for: lightningcss@1.33.0 want: 1.33.0
316 silly placeDep ROOT lightningcss-darwin-x64@1.33.0 OK for: lightningcss@1.33.0 want: 1.33.0
317 silly placeDep ROOT lightningcss-freebsd-x64@1.33.0 OK for: lightningcss@1.33.0 want: 1.33.0
318 silly placeDep ROOT lightningcss-linux-arm-gnueabihf@1.33.0 OK for: lightningcss@1.33.0 want: 1.33.0
319 silly placeDep ROOT lightningcss-linux-arm64-gnu@1.33.0 OK for: lightningcss@1.33.0 want: 1.33.0
320 silly placeDep ROOT lightningcss-linux-arm64-musl@1.33.0 OK for: lightningcss@1.33.0 want: 1.33.0
321 silly placeDep ROOT lightningcss-linux-x64-gnu@1.33.0 OK for: lightningcss@1.33.0 want: 1.33.0
322 silly placeDep ROOT lightningcss-linux-x64-musl@1.33.0 OK for: lightningcss@1.33.0 want: 1.33.0
323 silly placeDep ROOT lightningcss-win32-arm64-msvc@1.33.0 OK for: lightningcss@1.33.0 want: 1.33.0
324 silly placeDep ROOT lightningcss-win32-x64-msvc@1.33.0 OK for: lightningcss@1.33.0 want: 1.33.0
325 silly placeDep ROOT nanoid@3.3.19 OK for: postcss@8.5.28 want: ^3.3.18
326 silly placeDep ROOT picocolors@1.1.1 OK for: postcss@8.5.28 want: ^1.1.1
327 silly placeDep ROOT source-map-js@1.2.1 OK for: postcss@8.5.28 want: ^1.2.1
328 silly placeDep ROOT @oxc-project/types@0.151.0 OK for: rolldown@1.2.11 want: =0.151.0
329 silly placeDep ROOT @rolldown/binding-android-arm-eabi@1.2.11 OK for: rolldown@1.2.11 want: 1.2.11
330 silly placeDep ROOT @rolldown/binding-android-arm64@1.2.11 OK for: rolldown@1.2.11 want: 1.2.11
331 silly placeDep ROOT @rolldown/binding-darwin-arm64@1.2.11 OK for: rolldown@1.2.11 want: 1.2.11
332 silly placeDep ROOT @rolldown/binding-darwin-x64@1.2.11 OK for: rolldown@1.2.11 want: 1.2.11
333 silly placeDep ROOT @rolldown/binding-freebsd-x64@1.2.11 OK for: rolldown@1.2.11 want: 1.2.11
334 silly placeDep ROOT @rolldown/binding-linux-arm-gnueabihf@1.2.11 OK for: rolldown@1.2.11 want: 1.2.11
335 silly placeDep ROOT @rolldown/binding-linux-arm64-gnu@1.2.11 OK for: rolldown@1.2.11 want: 1.2.11
336 silly placeDep ROOT @rolldown/binding-linux-arm64-musl@1.2.11 OK for: rolldown@1.2.11 want: 1.2.11
337 silly placeDep ROOT @rolldown/binding-linux-ppc64-gnu@1.2.11 OK for: rolldown@1.2.11 want: 1.2.11
338 silly placeDep ROOT @rolldown/binding-linux-s390x-gnu@1.2.11 OK for: rolldown@1.2.11 want: 1.2.11
339 silly placeDep ROOT @rolldown/binding-linux-x64-gnu@1.2.11 OK for: rolldown@1.2.11 want: 1.2.11
340 silly placeDep ROOT @rolldown/binding-linux-x64-musl@1.2.11 OK for: rolldown@1.2.11 want: 1.2.11
341 silly placeDep ROOT @rolldown/binding-openharmony-arm64@1.2.11 OK for: rolldown@1.2.11 want: 1.2.11
342 silly placeDep ROOT @rolldown/binding-win32-arm64-msvc@1.2.11 OK for: rolldown@1.2.11 want: 1.2.11
343 silly placeDep ROOT @rolldown/binding-win32-x64-msvc@1.2.11 OK for: rolldown@1.2.11 want: 1.2.11
344 silly placeDep ROOT @rolldown/pluginutils@1.0.1 OK for: rolldown@1.2.11 want: ^1.0.0
345 silly fetch manifest picomatch@^4.0.4
346 silly packumentCache full:https://registry.npmjs.org/picomatch cache-miss
347 http cache https://registry.npmjs.org/picomatch 4ms (cache hit)
348 silly packumentCache full:https://registry.npmjs.org/picomatch set size:134451 disposed:false
349 silly placeDep ROOT fdir@6.5.0 OK for: tinyglobby@0.2.17 want: ^6.5.0
350 silly reify moves {}
351 silly audit bulk request {
351 silly audit   vite: [ '8.3.1' ],
351 silly audit   fsevents: [ '2.3.3' ],
351 silly audit   lightningcss: [ '1.33.0' ],
351 silly audit   picomatch: [ '4.0.7' ],
351 silly audit   postcss: [ '8.5.28' ],
351 silly audit   rolldown: [ '1.2.11' ],
351 silly audit   tinyglobby: [ '0.2.17' ],
351 silly audit   'detect-libc': [ '2.1.2' ],
351 silly audit   'lightningcss-android-arm64': [ '1.33.0' ],
351 silly audit   'lightningcss-darwin-arm64': [ '1.33.0' ],
351 silly audit   'lightningcss-darwin-x64': [ '1.33.0' ],
351 silly audit   'lightningcss-freebsd-x64': [ '1.33.0' ],
351 silly audit   'lightningcss-linux-arm-gnueabihf': [ '1.33.0' ],
351 silly audit   'lightningcss-linux-arm64-gnu': [ '1.33.0' ],
351 silly audit   'lightningcss-linux-arm64-musl': [ '1.33.0' ],
351 silly audit   'lightningcss-linux-x64-gnu': [ '1.33.0' ],
351 silly audit   'lightningcss-linux-x64-musl': [ '1.33.0' ],
351 silly audit   'lightningcss-win32-arm64-msvc': [ '1.33.0' ],
351 silly audit   'lightningcss-win32-x64-msvc': [ '1.33.0' ],
351 silly audit   nanoid: [ '3.3.19' ],
351 silly audit   picocolors: [ '1.1.1' ],
351 silly audit   'source-map-js': [ '1.2.1' ],
351 silly audit   '@oxc-project/types': [ '0.151.0' ],
351 silly audit   '@rolldown/binding-android-arm-eabi': [ '1.2.11' ],
351 silly audit   '@rolldown/binding-android-arm64': [ '1.2.11' ],
351 silly audit   '@rolldown/binding-darwin-arm64': [ '1.2.11' ],
351 silly audit   '@rolldown/binding-darwin-x64': [ '1.2.11' ],
351 silly audit   '@rolldown/binding-freebsd-x64': [ '1.2.11' ],
351 silly audit   '@rolldown/binding-linux-arm-gnueabihf': [ '1.2.11' ],
351 silly audit   '@rolldown/binding-linux-arm64-gnu': [ '1.2.11' ],
351 silly audit   '@rolldown/binding-linux-arm64-musl': [ '1.2.11' ],
351 silly audit   '@rolldown/binding-linux-ppc64-gnu': [ '1.2.11' ],
351 silly audit   '@rolldown/binding-linux-s390x-gnu': [ '1.2.11' ],
351 silly audit   '@rolldown/binding-linux-x64-gnu': [ '1.2.11' ],
351 silly audit   '@rolldown/binding-linux-x64-musl': [ '1.2.11' ],
351 silly audit   '@rolldown/binding-openharmony-arm64': [ '1.2.11' ],
351 silly audit   '@rolldown/binding-win32-arm64-msvc': [ '1.2.11' ],
351 silly audit   '@rolldown/binding-win32-x64-msvc': [ '1.2.11' ],
351 silly audit   '@rolldown/pluginutils': [ '1.0.1' ],
351 silly audit   fdir: [ '6.5.0' ]
351 silly audit }
352 http cache fdir@https://registry.npmjs.org/fdir/-/fdir-6.5.0.tgz 0ms (cache hit)
353 http cache source-map-js@https://registry.npmjs.org/source-map-js/-/source-map-js-1.2.1.tgz 0ms (cache hit)
354 http cache @rolldown/binding-darwin-arm64@https://registry.npmjs.org/@rolldown/binding-darwin-arm64/-/binding-darwin-arm64-1.2.11.tgz 0ms (cache hit)
355 http cache nanoid@https://registry.npmjs.org/nanoid/-/nanoid-3.3.19.tgz 0ms (cache hit)
356 http cache @rolldown/pluginutils@https://registry.npmjs.org/@rolldown/pluginutils/-/pluginutils-1.0.1.tgz 0ms (cache hit)
357 http cache picocolors@https://registry.npmjs.org/picocolors/-/picocolors-1.1.1.tgz 0ms (cache hit)
358 http cache @oxc-project/types@https://registry.npmjs.org/@oxc-project/types/-/types-0.151.0.tgz 0ms (cache hit)
359 http cache detect-libc@https://registry.npmjs.org/detect-libc/-/detect-libc-2.1.2.tgz 0ms (cache hit)
360 http cache lightningcss-darwin-arm64@https://registry.npmjs.org/lightningcss-darwin-arm64/-/lightningcss-darwin-arm64-1.33.0.tgz 0ms (cache hit)
361 http cache rolldown@https://registry.npmjs.org/rolldown/-/rolldown-1.2.11.tgz 0ms (cache hit)
362 http cache tinyglobby@https://registry.npmjs.org/tinyglobby/-/tinyglobby-0.2.17.tgz 0ms (cache hit)
363 http cache picomatch@https://registry.npmjs.org/picomatch/-/picomatch-4.0.7.tgz 0ms (cache hit)
364 http cache lightningcss@https://registry.npmjs.org/lightningcss/-/lightningcss-1.33.0.tgz 0ms (cache hit)
365 http cache postcss@https://registry.npmjs.org/postcss/-/postcss-8.5.28.tgz 0ms (cache hit)
366 http cache vite@https://registry.npmjs.org/vite/-/vite-8.3.1.tgz 0ms (cache hit)
367 http cache fsevents@https://registry.npmjs.org/fsevents/-/fsevents-2.3.3.tgz 0ms (cache hit)
368 silly tarball no local data for fdir@https://registry.npmjs.org/fdir/-/fdir-6.5.0.tgz. Extracting by manifest.
369 silly tarball no local data for source-map-js@https://registry.npmjs.org/source-map-js/-/source-map-js-1.2.1.tgz. Extracting by manifest.
370 silly tarball no local data for @rolldown/binding-darwin-arm64@https://registry.npmjs.org/@rolldown/binding-darwin-arm64/-/binding-darwin-arm64-1.2.11.tgz. Extracting by manifest.
371 silly tarball no local data for nanoid@https://registry.npmjs.org/nanoid/-/nanoid-3.3.19.tgz. Extracting by manifest.
372 silly tarball no local data for @rolldown/pluginutils@https://registry.npmjs.org/@rolldown/pluginutils/-/pluginutils-1.0.1.tgz. Extracting by manifest.
373 silly tarball no local data for picocolors@https://registry.npmjs.org/picocolors/-/picocolors-1.1.1.tgz. Extracting by manifest.
374 silly tarball no local data for @oxc-project/types@https://registry.npmjs.org/@oxc-project/types/-/types-0.151.0.tgz. Extracting by manifest.
375 silly tarball no local data for detect-libc@https://registry.npmjs.org/detect-libc/-/detect-libc-2.1.2.tgz. Extracting by manifest.
376 silly tarball no local data for lightningcss-darwin-arm64@https://registry.npmjs.org/lightningcss-darwin-arm64/-/lightningcss-darwin-arm64-1.33.0.tgz. Extracting by manifest.
377 silly tarball no local data for rolldown@https://registry.npmjs.org/rolldown/-/rolldown-1.2.11.tgz. Extracting by manifest.
378 silly tarball no local data for tinyglobby@https://registry.npmjs.org/tinyglobby/-/tinyglobby-0.2.17.tgz. Extracting by manifest.
379 silly tarball no local data for picomatch@https://registry.npmjs.org/picomatch/-/picomatch-4.0.7.tgz. Extracting by manifest.
380 silly tarball no local data for lightningcss@https://registry.npmjs.org/lightningcss/-/lightningcss-1.33.0.tgz. Extracting by manifest.
381 silly tarball no local data for postcss@https://registry.npmjs.org/postcss/-/postcss-8.5.28.tgz. Extracting by manifest.
382 silly tarball no local data for vite@https://registry.npmjs.org/vite/-/vite-8.3.1.tgz. Extracting by manifest.
383 silly tarball no local data for fsevents@https://registry.npmjs.org/fsevents/-/fsevents-2.3.3.tgz. Extracting by manifest.
384 http fetch GET 200 https://registry.npmjs.org/detect-libc/-/detect-libc-2.1.2.tgz 181ms (cache miss)
385 http fetch GET 200 https://registry.npmjs.org/fdir/-/fdir-6.5.0.tgz 181ms (cache miss)
386 http fetch GET 200 https://registry.npmjs.org/picocolors/-/picocolors-1.1.1.tgz 182ms (cache miss)
387 http fetch GET 200 https://registry.npmjs.org/nanoid/-/nanoid-3.3.19.tgz 182ms (cache miss)
388 http fetch GET 200 https://registry.npmjs.org/source-map-js/-/source-map-js-1.2.1.tgz 185ms (cache miss)
389 http fetch GET 200 https://registry.npmjs.org/@rolldown/pluginutils/-/pluginutils-1.0.1.tgz 190ms (cache miss)
390 http fetch GET 200 https://registry.npmjs.org/@oxc-project/types/-/types-0.151.0.tgz 193ms (cache miss)
391 http fetch POST 200 https://registry.npmjs.org/-/npm/v1/security/advisories/bulk 221ms
392 silly audit report {}
393 http fetch GET 200 https://registry.npmjs.org/fsevents/-/fsevents-2.3.3.tgz 273ms (cache miss)
394 http fetch GET 200 https://registry.npmjs.org/tinyglobby/-/tinyglobby-0.2.17.tgz 426ms (cache miss)
395 http fetch GET 200 https://registry.npmjs.org/picomatch/-/picomatch-4.0.7.tgz 434ms (cache miss)
396 http fetch GET 200 https://registry.npmjs.org/postcss/-/postcss-8.5.28.tgz 450ms (cache miss)
397 http fetch GET 200 https://registry.npmjs.org/vite/-/vite-8.3.1.tgz 472ms (cache miss)
398 http fetch GET 200 https://registry.npmjs.org/lightningcss/-/lightningcss-1.33.0.tgz 490ms (cache miss)
399 http fetch GET 200 https://registry.npmjs.org/@rolldown/binding-darwin-arm64/-/binding-darwin-arm64-1.2.11.tgz 1029ms (cache miss)
400 http fetch GET 200 https://registry.npmjs.org/lightningcss-darwin-arm64/-/lightningcss-darwin-arm64-1.33.0.tgz 1496ms (cache miss)
401 http fetch GET 200 https://registry.npmjs.org/rolldown/-/rolldown-1.2.11.tgz 1553ms (cache miss)
402 info run fsevents@2.3.3 install node_modules/fsevents node-gyp rebuild
403 info run fsevents@2.3.3 install { code: 1, signal: null }
404 verbose reify failed optional dependency /Volumes/OS/proyectos/KupuriApp/node_modules/fsevents
405 silly reify mark deleted [ '/Volumes/OS/proyectos/KupuriApp/node_modules/fsevents' ]
406 silly ADD node_modules/fdir
407 silly ADD node_modules/@rolldown/pluginutils
408 silly ADD node_modules/@rolldown/binding-darwin-arm64
409 silly ADD node_modules/@oxc-project/types
410 silly ADD node_modules/source-map-js
411 silly ADD node_modules/picocolors
412 silly ADD node_modules/nanoid
413 silly ADD node_modules/lightningcss-darwin-arm64
414 silly ADD node_modules/detect-libc
415 silly ADD node_modules/tinyglobby
416 silly ADD node_modules/rolldown
417 silly ADD node_modules/postcss
418 silly ADD node_modules/picomatch
419 silly ADD node_modules/lightningcss
420 silly ADD
421 silly ADD node_modules/vite
422 verbose cwd /Volumes/OS/proyectos/KupuriApp
423 verbose os Darwin 25.6.0
424 verbose node v26.4.0
425 verbose npm  v11.17.0
426 verbose exit 0
427 info ok
